{"page":0,"page_size":1,"total_count":1,"environments":[{"id":"4f51f761-f1ce-4430-a417-9282b9819e35","name":"TestEnv","description":"This is test description","owner":"My Organization","organization_id":"3f8319e0-33a9-4736-b248-12nm3kiuh3yu","created_at":"2024-10-11T07:00:24.462441Z","updated_at":"2024-10-11T07:00:24.462444Z","deleted_at":{"Time":"0001-01-01T00:00:00Z","Valid":false}}]}
