Please provide a --orgID, --name, and --description flag