Environment named TestEnv created in organization id invalid-org-id
